[backblue.gif]
[fade.gif]
[index.html]
[zoyothemes.com/blogezy/index.html]
[zoyothemes.com/blogezy/images/favicon.ico]
[zoyothemes.com/blogezy/css/bootstrap.min.css]
[zoyothemes.com/blogezy/css/metismenu.min.css]
[zoyothemes.com/blogezy/images/logo.png]
[zoyothemes.com/blogezy/css/materialdesignicons.min.css]
[zoyothemes.com/blogezy/css/style.css]
[zoyothemes.com/blogezy/css/default.css]
[zoyothemes.com/blogezy/images/blog/blog-1.jpg]
[zoyothemes.com/blogezy/images/blog/blog-2.jpg]
[zoyothemes.com/blogezy/index-2.html]
[zoyothemes.com/blogezy/images/blog/blog-3.jpg]
[zoyothemes.com/blogezy/images/blog/blog-4.jpg]
[zoyothemes.com/blogezy/images/blog/blog-5.jpg]
[zoyothemes.com/blogezy/images/works/img1.jpg]
[zoyothemes.com/blogezy/images/photo.jpg]
[zoyothemes.com/blogezy/images/works/img2.jpg]
[zoyothemes.com/blogezy/images/works/img3.jpg]
[zoyothemes.com/blogezy/standard-post.html]
[zoyothemes.com/blogezy/video-post.html]
[zoyothemes.com/blogezy/audio-post.html]
[zoyothemes.com/blogezy/gallery-post.html]
[zoyothemes.com/blogezy/fonts/materialdesignicons-webfontb43a.eot]
[zoyothemes.com/blogezy/fonts/materialdesignicons-webfontd41d.eot]
[zoyothemes.com/blogezy/quote-post.html]
[zoyothemes.com/blogezy/fonts/materialdesignicons-webfontb43a.woff]
[zoyothemes.com/blogezy/fonts/materialdesignicons-webfontb43a.woff2]
[zoyothemes.com/blogezy/link-post.html]
[zoyothemes.com/blogezy/fonts/materialdesignicons-webfontb43a.ttf]
[zoyothemes.com/blogezy/404.html]
[zoyothemes.com/blogezy/images/user/user-5.png]
[zoyothemes.com/blogezy/images/user/user-2.png]
[zoyothemes.com/blogezy/about.html]
[zoyothemes.com/blogezy/images/user/user-4.png]
[zoyothemes.com/blogezy/images/user/user-3.png]
[zoyothemes.com/blogezy/contact.html]
[zoyothemes.com/blogezy/images/user/user-6.png]
[zoyothemes.com/blogezy/js/jquery.min.js]
[zoyothemes.com/blogezy/js/popper.min.js]
[zoyothemes.com/blogezy/js/bootstrap.min.js]
[zoyothemes.com/blogezy/js/jquery.easing.min.js]
[zoyothemes.com/blogezy/js/metisMenu.min.js]
[zoyothemes.com/blogezy/js/jquery.app.js]
[zoyothemes.com/blogezy/fonts/materialdesignicons-webfontb43a.svg]
[zoyothemes.com/blogezy/blog-single.html]
[zoyothemes.com/blogezy/single-post2.html]
[zoyothemes.com/blogezy/css/owl-carousel.css]
[zoyothemes.com/blogezy/js/owl.carousel.min.js]
[zoyothemes.com/blogezy/css/owl.video.play.html]
